---
source: crates/vize_vitrine/src/plugin_transform/tests.rs
expression: "format!(\"{}\\n{}\\n{}\", output.result.preamble, output.result.code,\nserde_json::to_string_pretty(&map).expect(\"JSON\"))"
---
import { toDisplayString as _toDisplayString, createElementVNode as _createElementVNode, openBlock as _openBlock, createElementBlock as _createElementBlock } from "vue"

export function render(_ctx, _cache) {
  return (_openBlock(), _createElementBlock("main", null, [
    _createElementVNode("button", {
      class: "ds-button",
      title: _ctx.label
    }, "é " + _toDisplayString(_ctx.label), 9 /* TEXT, PROPS */, ["title"]),
    _createElementVNode("span", { class: "ds-button" }, "OK")
  ]))
}
{
  "file": "src/Design.vue",
  "mappings": "AAAA;SAAA,oCAAC;yBAAM;MAAOA,QAAO;MAAaC,OAAOC;QAAO,uBAAKA;yBAAkB,SAAKF,QAAO,eAAY",
  "names": [
    "class",
    "title",
    "label"
  ],
  "sources": [
    "src/Design.vue"
  ],
  "sourcesContent": [
    "<main><button class=\"legacy-btn\" :title=\"label\">é {{ label }}</button><span class=\"legacy-btn\">OK</span></main>"
  ],
  "version": 3
}
