---
source: crates/vize_atelier_ssr/tests/vue_ssr_render.rs
expression: code
---
import { ssrRenderComponent as _ssrRenderComponent, ssrRenderSlot as _ssrRenderSlot } from "@vue/server-renderer"
import { resolveComponent as _resolveComponent, renderSlot as _renderSlot, mergeProps as _mergeProps, withCtx as _withCtx } from "vue"
function ssrRender(_ctx, _push, _parent, _attrs) {
  _push(_ssrRenderComponent(_resolveComponent("Forwarder"), _mergeProps({ "data-v-layout": "" }, _attrs), {
    default: _withCtx((_, _push, _parent, _scopeId) => {
      if (_push) {
        _ssrRenderSlot(_ctx.$slots, "default", {}, null, _push, _parent, "data-v-layout-s" + _scopeId)
      } else {
        return [_renderSlot(_ctx.$slots, "default", {})]
      }
    }),
    _: 3 /* FORWARDED */
  }, _parent))
}
